[kumaleon.com/index.html]
[docs.kumaleon.com/history.html]
[kumaleon.com/artist_story/index.html]
[kumaleon.com/theory_of_evolution/index.html]
[kumaleon.com/mint/index.html]
[docs.kumaleon.com/founders.html]
[backblue.gif]
[fade.gif]
[index.html]
[kumaleon.com/about/index.html]
[kumaleon.com/img/og/og.png]
[kumaleon.com/favicon.ico]
[kumaleon.com/img/icon/apple-touch-icon.png]
[kumaleon.com/img/icons/manifest.json]
[use.typekit.net/iyi5pmq.css]
[kumaleon.com/_next/static/css/6066a8a78bf4e4ab.css]
[kumaleon.com/_next/static/chunks/polyfills-5cd94c89d3acac5f.js]
[kumaleon.com/_next/static/chunks/webpack-9e916b4ae2a60423.js]
[kumaleon.com/_next/static/chunks/framework-75db3117d1377048.js]
[kumaleon.com/_next/static/chunks/main-364a2683a5028ca8.js]
[kumaleon.com/_next/static/chunks/149-61fa3848ffe3b0ae.js]
[kumaleon.com/_next/static/chunks/pages/_app-4defbeff0ad546c1.js]
[kumaleon.com/_next/static/chunks/pages/index-88a9dc2e54dc9737.js]
[kumaleon.com/_next/static/UzDO7to3OVbMDtP9mEy_B/_buildManifest.js]
[kumaleon.com/_next/static/UzDO7to3OVbMDtP9mEy_B/_ssgManifest.js]
[kumaleon.com/_next/static/UzDO7to3OVbMDtP9mEy_B/_middlewareManifest.js]
[kumaleon.com/img/topAttentionIcons.png]
[kumaleon.com/index.html]
[docs.kumaleon.com/index.html]
[kumaleon.com/img/og/og_artist.png]
[kumaleon.com/_next/static/chunks/974-be5f0c5693514061.js]
[kumaleon.com/_next/static/chunks/36-a32209fb2fd63fdb.js]
[kumaleon.com/_next/static/chunks/pages/artist_story-6b1fbdb2c0c85a92.js]
[kumaleon.com/img/tagline.png]
[kumaleon.com/img/taglineDark.png]
[kumaleon.com/artist_story/index.html]
[kumaleon.com/img/og/og_theoryOfEvolution.png]
[kumaleon.com/theory_of_evolution/index.html]
[kumaleon.com/_next/static/chunks/pages/theory_of_evolution-81d27b2fa9c7d337.js]
[kumaleon.com/img/og/og_mint.png]
[kumaleon.com/_next/static/chunks/6f08c61f-f646d1a6920739eb.js]
[kumaleon.com/_next/static/chunks/ea88be26-b254aef98a98f153.js]
[kumaleon.com/_next/static/chunks/864-8c62b21b5270fbc9.js]
[kumaleon.com/_next/static/chunks/pages/mint-9d6d07ea5079047a.js]
[docs.kumaleon.com/license.html]
[kumaleon.com/mint/index.html]
[docs.kumaleon.com/nft-allocation.html]
[kumaleon.com/img/og/og_about.png]
[kumaleon.com/about/index.html]
[kumaleon.com/_next/static/chunks/pages/about-2e5794aa6a09f8c1.js]
[super-static-assets.s3.amazonaws.com/24fbc0e3-a76d-4d4c-b535-338a2fa95a84/uploads/favicon/56ff93ac-644c-4616-9916-86b0639f4bbe.png]
[docs.kumaleon.com/_next/static/css/4ee25eeda1cb3ee6.css]
[docs.kumaleon.com/_next/static/chunks/polyfills-c67a75d1b6f99dc8.js]
[docs.kumaleon.com/_next/static/chunks/3443.20acd343a43b1e94.js]
[docs.kumaleon.com/_next/static/chunks/1824.a01cad2a8d34cd1c.js]
[docs.kumaleon.com/_next/static/chunks/webpack-ed208b8861cf19d1.js]
[docs.kumaleon.com/_next/static/chunks/framework-a070cbfff3c750c5.js]
[docs.kumaleon.com/_next/static/chunks/main-9d719499c0227aa5.js]
[docs.kumaleon.com/_next/static/chunks/pages/_app-bbeb797fbd722fc4.js]
[docs.kumaleon.com/_next/static/chunks/1855-d39a98e72e829539.js]
[docs.kumaleon.com/_next/static/chunks/7628-86e9abdae0ae4ec3.js]
[docs.kumaleon.com/_next/static/chunks/9503-be579e13bb7f2de7.js]
[docs.kumaleon.com/_next/static/chunks/pages/[...page]-d2e2efdb4d1d5b43.js]
[docs.kumaleon.com/_next/static/rIxg8tuj6jbVrseXiNqs0/_buildManifest.js]
[docs.kumaleon.com/_next/static/rIxg8tuj6jbVrseXiNqs0/_ssgManifest.js]
[docs.kumaleon.com/_next/f73857d0-3599-43f3-bece-0e50497b4b70d250.png]
[docs.kumaleon.com/_next/1d938dca-e520-4ebe-9701-47cb85132f875202.png]
[docs.kumaleon.com/_next/e412412c-0849-465b-8807-470cf7cd7596654f.gif]
[docs.kumaleon.com/_next/166b2178-e59d-429c-b189-9b19a177b6b16e59.png]
[docs.kumaleon.com/_next/922e5694-4b52-4110-83fb-fcddd90a7ef580bf.png]
[docs.kumaleon.com/_next/06b9039d-8428-4d2d-8cb2-d72c631df8741a80.png]
[docs.kumaleon.com/_next/44b7143e-d3a6-421e-98a6-c76e38bee513aeab.png]
[docs.kumaleon.com/_next/a8518024-2c33-445d-a022-74bc98ff209312fd.png]
[docs.kumaleon.com/_next/438fddf7-aa5d-4d0e-91a4-b78d0dd6602ac7fc.png]
[docs.kumaleon.com/_next/1e9ec0e7-b6b2-44c9-b3e4-85a8a07f8f3ff118.png]
[docs.kumaleon.com/_next/c599609a-9a94-4eac-8234-c52e16eca73b6022.png]
[docs.kumaleon.com/_next/4517b397-f123-4b0a-8d38-e9aa4496ca744114.png]
[docs.kumaleon.com/_next/ff756312-3e6d-4890-89f6-e2bcf1277b78c1b9.png]
[docs.kumaleon.com/_next/7b4a3973-ef34-4e97-adf0-86dbd8f58174287f.png]
[docs.kumaleon.com/_next/4363ac08-ff30-4f9f-b679-33896e214e5438af.png]
[docs.kumaleon.com/_next/8d688ed2-c34f-4eea-a2bf-f84f3e9a7c350a6d.png]
[docs.kumaleon.com/history.html]
[docs.kumaleon.com/_next/32bbb635-68be-4e51-ac43-d132b6303f1e77b8.gif]
[docs.kumaleon.com/_next/fd54a92d-f097-4432-8622-6c9572c52c0fbfc6.png]
[docs.kumaleon.com/_next/ea5abe6e-6ca3-43fa-b49a-31412b10d828737e.png]
[docs.kumaleon.com/_next/f871d082-dc2d-49b4-bb99-ebddb6674160edd0.png]
[docs.kumaleon.com/_next/1e594347-0ec8-40df-8b12-a0c713ca1cfa2b0e.png]
[docs.kumaleon.com/_next/d48329b0-c470-4f06-a151-f393b9dbc86f2798.png]
[docs.kumaleon.com/_next/1b8df3fe-28c0-4af4-912c-1211e7a11f62e50b.png]
[docs.kumaleon.com/_next/f13836f6-d774-4cfe-ac8f-40778f7e824438f0.png]
[docs.kumaleon.com/_next/09cb28d5-215b-4c48-a0ee-18470f2a1f23f318.png]
[docs.kumaleon.com/_next/426cb101-a7dc-4290-b0a4-c904a0b04158c814.png]
[docs.kumaleon.com/_next/259685d9-7521-453e-93c6-04fa3180753387a3.png]
[docs.kumaleon.com/_next/484fb907-cce0-434e-9fc9-b58f35e991ae4203.png]
[docs.kumaleon.com/founders.html]
[kumaleon.com/img/icons/404]
[use.typekit.net/af/e3ed45/00000000000000007735e602/30/lc150]
[use.typekit.net/af/e3ed45/00000000000000007735e602/30/dc150]
[use.typekit.net/af/e3ed45/00000000000000007735e602/30/ac150]
[use.typekit.net/af/2555e1/00000000000000007735e603/30/l652f]
[use.typekit.net/af/2555e1/00000000000000007735e603/30/d652f]
[use.typekit.net/af/2555e1/00000000000000007735e603/30/a652f]
[use.typekit.net/af/1be3c2/00000000000000007735e606/30/l3eab]
[use.typekit.net/af/1be3c2/00000000000000007735e606/30/d3eab]
[use.typekit.net/af/1be3c2/00000000000000007735e606/30/a3eab]
[use.typekit.net/af/353a8e/00000000000000007735e614/30/lc150]
[use.typekit.net/af/353a8e/00000000000000007735e614/30/dc150]
[use.typekit.net/iyi5pmq.css]
[use.typekit.net/af/353a8e/00000000000000007735e614/30/ac150]
[kumaleon.com/_next/static/css/6066a8a78bf4e4ab.css]
[openprocessing.org/openprocessing_sketch.js]
[cdnjs.cloudflare.com/ajax/libs/p5.js/1.4.1/p5.js]
[cdnjs.cloudflare.com/ajax/libs/p5.js/1.4.1/addons/p5.sound.min.js]
[tetunori.github.io/minimalPerfectSquaredSquares/dist/v1.0.0/mpss.js]
[docs.kumaleon.com/p5.pattern.js]
[docs.kumaleon.com/_next/static/chunks/4097.88d648d61a579744.js]
[docs.kumaleon.com/_next/static/chunks/7004.4172177ac60096ba.js]
[docs.kumaleon.com/_next/static/chunks/pages/index-62b675f5dde51872.js]
[docs.kumaleon.com/_next/3a331989-09e6-4553-b900-c7afff028f562294.png]
[docs.kumaleon.com/_next/f73857d0-3599-43f3-bece-0e50497b4b7018c5.png]
[docs.kumaleon.com/_next/7da2cf02-5d8f-40bd-b1a8-9b9c20d5673cf3dd.png]
[docs.kumaleon.com/_next/f46f9098-2b77-4ef3-b906-6bbe83a53749e135.png]
[docs.kumaleon.com/allowlisted-wallet.html]
[docs.kumaleon.com/_next/1d938dca-e520-4ebe-9701-47cb85132f87518a.png]
[docs.kumaleon.com/speculations-on-metaflat.html]
[docs.kumaleon.com/kumaleon-ama.html]
[docs.kumaleon.com/ecosystem.html]
[docs.kumaleon.com/coding-challenge.html]
[docs.kumaleon.com/_next/ea25adfd-dfcc-4033-b87c-e09865ee2666c0ec.png]
[docs.kumaleon.com/fan-art-contest.html]
[docs.kumaleon.com/_next/17fae8a5-e84d-457b-8294-27e185b36cf6a4b6.gif]
[docs.kumaleon.com/collaboration.html]
[docs.kumaleon.com/website.html]
[docs.kumaleon.com/mint.html]
[docs.kumaleon.com/_next/7b4b2f74-1fa4-4750-80da-0b1b77fb7023b07e.png]
[docs.kumaleon.com/twitter.html]
[docs.kumaleon.com/_next/85a409a9-6ccf-48d7-aaec-21d4aa5cba20ae97.png]
[docs.kumaleon.com/instagram.html]
[docs.kumaleon.com/_next/2f035049-f000-4bbb-a98a-21297fdf9065524a.png]
[docs.kumaleon.com/discord.html]
[docs.kumaleon.com/_next/3afc01c3-d693-4c99-8b97-9f49380d228f774d.jpg]
[docs.kumaleon.com/86f24f4b0a9945fe8db4e6b10705fbcd.html]
[docs.kumaleon.com/_next/0001a8d0-3a38-4380-8883-9bc4e9778c40ee8b.png]
[docs.kumaleon.com/etherscan.html]
[docs.kumaleon.com/_next/3b0e223d-854a-4fbc-bd17-e2e673484cee6a53.png]
[docs.kumaleon.com/opensea.html]
[docs.kumaleon.com/_next/c1423ed4-6723-4e45-a49f-1850fb2d00dec05c.png]
[docs.kumaleon.com/_next/d14deb48-2689-4c2d-b659-e724d9b6d3c96f91.png]
[docs.kumaleon.com/openprocessing.html]
[docs.kumaleon.com/_next/c89024dc-279a-44ed-827a-6d90b97b2dcd9cf8.png]
[docs.kumaleon.com/6ba7b13f13164518858956d0cf42ea79.html]
[docs.kumaleon.com/_next/6d6aa21b-b11d-45e3-be5f-9c1eeca731690564.png]
[docs.kumaleon.com/000a3faf3f994712823834bae1ef97f2.html]
[docs.kumaleon.com/_next/f40fb453-47c1-4241-911c-c5da7632613d03d6.png]
[docs.kumaleon.com/fxhash.html]
[docs.kumaleon.com/_next/ee7085e9-6c9d-4aab-bb35-ac1e33e8e517182e.png]
[docs.kumaleon.com/foundation.html]
[docs.kumaleon.com/_next/fd556f9b-5188-4e0b-a709-087f90c8d221f449.png]
[docs.kumaleon.com/_next/32bbb635-68be-4e51-ac43-d132b6303f1e82e1.gif]
[docs.kumaleon.com/collab-artists.html]
[docs.kumaleon.com/_next/ccbe004b-5ca0-400b-9208-24150cfa4f84ace5.gif]
[docs.kumaleon.com/index.html]
[docs.kumaleon.com/terms-of-use.html]
[docs.kumaleon.com/license.html]
[docs.kumaleon.com/nft-allocation.html]
[docs.kumaleon.com/license/generative-art-license-list.html]
[docs.kumaleon.com/_next/static/media/KaTeX_AMS-Regular.0a016397.woff2]
[docs.kumaleon.com/_next/static/media/KaTeX_AMS-Regular.060a0b04.woff]
[docs.kumaleon.com/_next/static/media/KaTeX_AMS-Regular.4c846f09.ttf]
[docs.kumaleon.com/_next/static/media/KaTeX_Caligraphic-Bold.740cbb84.woff2]
[docs.kumaleon.com/_next/static/media/KaTeX_Caligraphic-Bold.6ed924f8.woff]
[docs.kumaleon.com/_next/static/media/KaTeX_Caligraphic-Bold.a6485da7.ttf]
[docs.kumaleon.com/_next/static/media/KaTeX_Caligraphic-Regular.16987ad5.woff2]
[docs.kumaleon.com/_next/static/media/KaTeX_Caligraphic-Regular.e729aeb9.woff]
[docs.kumaleon.com/_next/static/media/KaTeX_Caligraphic-Regular.1a2ccb6c.ttf]
[docs.kumaleon.com/_next/static/media/KaTeX_Fraktur-Bold.901a1816.woff2]
[docs.kumaleon.com/_next/static/media/KaTeX_Fraktur-Bold.2fe5b648.woff]
[docs.kumaleon.com/_next/static/media/KaTeX_Fraktur-Bold.6b0d32a7.ttf]
[docs.kumaleon.com/_next/static/media/KaTeX_Fraktur-Regular.8605aa7a.woff2]
[docs.kumaleon.com/_next/static/media/KaTeX_Fraktur-Regular.40fe4181.woff]
[docs.kumaleon.com/_next/static/media/KaTeX_Fraktur-Regular.246d8b4a.ttf]
[docs.kumaleon.com/_next/static/media/KaTeX_Main-Bold.a56976d6.woff2]
[docs.kumaleon.com/_next/static/media/KaTeX_Main-Bold.c751d4be.woff]
[docs.kumaleon.com/_next/static/media/KaTeX_Main-Bold.957e702b.ttf]
[docs.kumaleon.com/_next/static/media/KaTeX_Main-BoldItalic.798dbc97.woff2]
[docs.kumaleon.com/_next/static/media/KaTeX_Main-BoldItalic.f8e69f38.woff]
[docs.kumaleon.com/_next/static/media/KaTeX_Main-BoldItalic.31db8e4b.ttf]
[docs.kumaleon.com/_next/static/media/KaTeX_Main-Italic.57598c3d.woff2]
[docs.kumaleon.com/_next/static/media/KaTeX_Main-Italic.20428960.woff]
[docs.kumaleon.com/_next/static/media/KaTeX_Main-Italic.c7a67141.ttf]
[docs.kumaleon.com/_next/static/media/KaTeX_Main-Regular.379e6ba9.woff2]
[docs.kumaleon.com/_next/static/media/KaTeX_Main-Regular.c1643840.woff]
[docs.kumaleon.com/_next/static/media/KaTeX_Main-Regular.58adac92.ttf]
[docs.kumaleon.com/_next/static/media/KaTeX_Math-BoldItalic.8ab58b1e.woff2]
[docs.kumaleon.com/_next/static/media/KaTeX_Math-BoldItalic.661398ad.woff]
[docs.kumaleon.com/_next/static/media/KaTeX_Math-BoldItalic.1a622360.ttf]
[docs.kumaleon.com/_next/static/media/KaTeX_Math-Italic.ccc4681a.woff2]
[docs.kumaleon.com/_next/static/media/KaTeX_Math-Italic.b6067654.woff]
[docs.kumaleon.com/_next/static/media/KaTeX_Math-Italic.1beebf16.ttf]
[docs.kumaleon.com/_next/static/media/KaTeX_SansSerif-Bold.6ba9eb79.woff2]
[docs.kumaleon.com/_next/static/media/KaTeX_SansSerif-Bold.42447086.woff]
[docs.kumaleon.com/_next/static/media/KaTeX_SansSerif-Bold.7cb357e7.ttf]
[docs.kumaleon.com/_next/static/media/KaTeX_SansSerif-Italic.c9bb6f78.woff2]
[docs.kumaleon.com/_next/static/media/KaTeX_SansSerif-Italic.44c6e0ef.woff]
[docs.kumaleon.com/_next/static/media/KaTeX_SansSerif-Italic.d2e42d7c.ttf]
[docs.kumaleon.com/_next/static/media/KaTeX_SansSerif-Regular.924519de.woff2]
[docs.kumaleon.com/_next/static/media/KaTeX_SansSerif-Regular.36713787.woff]
[docs.kumaleon.com/_next/static/media/KaTeX_SansSerif-Regular.a7d37c91.ttf]
[docs.kumaleon.com/_next/static/media/KaTeX_Script-Regular.292b42be.woff2]
[docs.kumaleon.com/_next/static/media/KaTeX_Script-Regular.d3ee6ab8.woff]
[docs.kumaleon.com/_next/static/media/KaTeX_Script-Regular.89351b4f.ttf]
[docs.kumaleon.com/_next/static/media/KaTeX_Size1-Regular.17c5001e.woff2]
[docs.kumaleon.com/_next/static/media/KaTeX_Size1-Regular.5c123e9b.woff]
[docs.kumaleon.com/_next/static/media/KaTeX_Size1-Regular.493fb7a3.ttf]
[docs.kumaleon.com/_next/static/media/KaTeX_Size2-Regular.e75c06dd.woff2]
[docs.kumaleon.com/_next/static/media/KaTeX_Size2-Regular.a0b7415e.woff]
[docs.kumaleon.com/_next/static/media/KaTeX_Size2-Regular.e7f2c2bb.ttf]
[docs.kumaleon.com/_next/static/media/KaTeX_Size3-Regular.ef92d152.woff2]
[docs.kumaleon.com/_next/static/media/KaTeX_Size3-Regular.5adc6ec4.woff]
[docs.kumaleon.com/_next/static/media/KaTeX_Size3-Regular.8465ccab.ttf]
[docs.kumaleon.com/_next/static/media/KaTeX_Size4-Regular.96282536.woff2]
[docs.kumaleon.com/_next/static/media/KaTeX_Size4-Regular.d7589d15.woff]
[docs.kumaleon.com/_next/static/media/KaTeX_Size4-Regular.91f58a71.ttf]
[docs.kumaleon.com/_next/static/media/KaTeX_Typewriter-Regular.809d61ae.woff2]
[docs.kumaleon.com/_next/static/media/KaTeX_Typewriter-Regular.72b0861a.woff]
[docs.kumaleon.com/_next/static/css/4ee25eeda1cb3ee6.css]
[p.typekit.net/pbb67.css]
[docs.kumaleon.com/_next/static/media/KaTeX_Typewriter-Regular.484b3496.ttf]
[docs.kumaleon.com/p5.pattern.html]
[docs.kumaleon.com/_next/5da77d27-1e7c-4e57-9a51-22c02e8608c497d8.png]
[docs.kumaleon.com/allowlisted-wallet.html]
[docs.kumaleon.com/_next/1db22968-966a-4318-a1ab-01cd8c73ae2b2818.png]
[docs.kumaleon.com/speculations-on-metaflat.html]
[docs.kumaleon.com/_next/094b6669-f390-4ffa-9a8d-ffe786591a88638b.png]
[docs.kumaleon.com/_next/dc45b123-9fda-4915-87fc-86137db8a910b0d3.png]
[docs.kumaleon.com/kumaleon-ama.html]
[docs.kumaleon.com/_next/e9c1e1f0-e610-403b-9752-c1680ce113eb7384.png]
[docs.kumaleon.com/ecosystem.html]
[super-static-assets.s3.amazonaws.com/24fbc0e3-a76d-4d4c-b535-338a2fa95a84/uploads/cover/0ad6b4f0-ab31-4dcc-8435-a80fa53eb804.png]
[docs.kumaleon.com/_next/ea25adfd-dfcc-4033-b87c-e09865ee2666fcf8.png]
[docs.kumaleon.com/_next/3756f46e-6bc7-4898-b41d-8d47854d597c9693.gif]
[docs.kumaleon.com/_next/f8807cb9-3660-4abb-a66f-938fbd4c7ceb0523.png]
[docs.kumaleon.com/_next/32e4d6c3-4d1d-49a4-b2ce-67c3fa336cb1f908.png]
[docs.kumaleon.com/_next/bd5bb46d-a9e2-4493-b45b-53a9b1080eefa82f.jpg]
[docs.kumaleon.com/_next/3bb5d96e-bcbc-4f71-a427-64ae7d3cf03b6439.jpg]
[docs.kumaleon.com/coding-challenge.html]
[super-static-assets.s3.amazonaws.com/24fbc0e3-a76d-4d4c-b535-338a2fa95a84/uploads/cover/e731a7e6-37ee-435c-99e7-5c8a6924513d.png]
[docs.kumaleon.com/_next/17fae8a5-e84d-457b-8294-27e185b36cf6dd1a.gif]
[docs.kumaleon.com/_next/43e2b355-1657-42d7-900b-892dfcdc16aad035.png]
[docs.kumaleon.com/_next/72c4fdfb-8e15-4e5e-8ea8-7f6ae33134be5f16.png]
[docs.kumaleon.com/_next/51bf4671-544f-4b0b-bc91-2e6eec4f3848fe98.png]
[docs.kumaleon.com/_next/7a0b3d79-2b2c-472f-a370-d1476cb4a49b07b8.png]
[docs.kumaleon.com/_next/bc30bee7-a94a-4c02-9979-d90d9f6c01c5a71a.png]
[docs.kumaleon.com/_next/a10d0787-7568-49bf-98a7-b0f80643da156939.png]
[docs.kumaleon.com/_next/bcce18e6-4fc3-4c56-8257-af669f1bfb62a6e3.png]
[docs.kumaleon.com/_next/3cdb4a46-d40f-41dc-a1ca-047c8b7a81f34a78.png]
[docs.kumaleon.com/_next/fe506cc8-5dee-43e5-808d-8ef40fa42ab760a5.png]
[docs.kumaleon.com/_next/7c3de2de-b2f0-4001-a288-b7a343e1197f4c9c.gif]
[docs.kumaleon.com/fan-art-contest.html]
[docs.kumaleon.com/_next/b27d4ff2-9111-4389-a932-ad026f6cba909601.png]
[docs.kumaleon.com/_next/0991ba46-38d1-4a3f-948e-fec387e162bf8b15.png]
[docs.kumaleon.com/collaboration.html]
[super-static-assets.s3.amazonaws.com/24fbc0e3-a76d-4d4c-b535-338a2fa95a84/images/ec74e13f-2b9a-4b34-85e5-cb5fecaeab5f.png]
[docs.kumaleon.com/_next/ec74e13f-2b9a-4b34-85e5-cb5fecaeab5f569b.png]
[docs.kumaleon.com/website.html]
[docs.kumaleon.com/_next/7b4b2f74-1fa4-4750-80da-0b1b77fb7023aa87.png]
[docs.kumaleon.com/_next/7cc43057-9ff8-4cf8-a786-7ff3b1c0801ab96e.jpg]
[docs.kumaleon.com/_next/cda94628-de6a-4c6e-baa1-3cab9f334182ce39.png]
[docs.kumaleon.com/mint.html]
[super-static-assets.s3.amazonaws.com/24fbc0e3-a76d-4d4c-b535-338a2fa95a84/images/719948e4-0e8e-4a6d-b384-39baa0f7ccca.png]
[docs.kumaleon.com/_next/719948e4-0e8e-4a6d-b384-39baa0f7cccaf634.png]
[docs.kumaleon.com/_next/85a409a9-6ccf-48d7-aaec-21d4aa5cba20bf9d.png]
[docs.kumaleon.com/twitter.html]
[super-static-assets.s3.amazonaws.com/24fbc0e3-a76d-4d4c-b535-338a2fa95a84/images/c1cb45f2-aa31-448c-998f-dcacd397b594.png]
[docs.kumaleon.com/_next/c1cb45f2-aa31-448c-998f-dcacd397b5944bda.png]
[docs.kumaleon.com/_next/2f035049-f000-4bbb-a98a-21297fdf9065c58a.png]
[docs.kumaleon.com/instagram.html]
[docs.kumaleon.com/_next/3afc01c3-d693-4c99-8b97-9f49380d228f461c.jpg]
[docs.kumaleon.com/_next/b46ff425-a72a-43c9-9b97-63862a88fbdb05ca.jpg]
[docs.kumaleon.com/_next/e1d66bc2-8efb-44df-ab09-340be3ca40deaff0.jpg]
[docs.kumaleon.com/discord.html]
[docs.kumaleon.com/_next/0001a8d0-3a38-4380-8883-9bc4e9778c40f54f.png]
[docs.kumaleon.com/_next/7e42cfdc-5b27-48dc-8e55-07de6f7b92102ef3.jpg]
[docs.kumaleon.com/_next/c8b3d498-b699-4c6b-bf8d-29c57ec01ed3a056.png]
[docs.kumaleon.com/86f24f4b0a9945fe8db4e6b10705fbcd.html]
[docs.kumaleon.com/_next/3b0e223d-854a-4fbc-bd17-e2e673484cee239a.png]
[etherscan.io/images/brandassets/etherscan-logo-circle.jpg]
[docs.kumaleon.com/etherscan.html]
[docs.kumaleon.com/_next/c1423ed4-6723-4e45-a49f-1850fb2d00de59ee.png]
[docs.kumaleon.com/opensea.html]
[docs.kumaleon.com/_next/c89024dc-279a-44ed-827a-6d90b97b2dcd4464.png]
[docs.kumaleon.com/openprocessing.html]
[docs.kumaleon.com/_next/6d6aa21b-b11d-45e3-be5f-9c1eeca731698c31.png]
[docs.kumaleon.com/6ba7b13f13164518858956d0cf42ea79.html]
[docs.kumaleon.com/_next/f40fb453-47c1-4241-911c-c5da7632613dc5a2.png]
[docs.kumaleon.com/000a3faf3f994712823834bae1ef97f2.html]
[docs.kumaleon.com/_next/ee7085e9-6c9d-4aab-bb35-ac1e33e8e517e037.png]
[docs.kumaleon.com/_next/893e7ef4-bd2a-4480-96af-504b81b44bc9d760.png]
[docs.kumaleon.com/_next/87e0240f-c939-440f-aaef-48da3f9cfe3007d2.jpg]
[docs.kumaleon.com/fxhash.html]
[docs.kumaleon.com/_next/fd556f9b-5188-4e0b-a709-087f90c8d221a8ec.png]
[docs.kumaleon.com/_next/d512480d-030e-4140-b4c6-289811d1c4dd51c3.png]
[docs.kumaleon.com/_next/acee5c93-f297-4fd5-bc2b-d7bbf8860dc782e7.jpg]
[docs.kumaleon.com/foundation.html]
[super-static-assets.s3.amazonaws.com/24fbc0e3-a76d-4d4c-b535-338a2fa95a84/uploads/cover/5e1743d0-58e7-4e21-9730-d29a178a5209.png]
[docs.kumaleon.com/_next/ccbe004b-5ca0-400b-9208-24150cfa4f842997.gif]
[docs.kumaleon.com/_next/de43b07f-d6b8-4037-8114-72fbd5a958de1330.png]
[docs.kumaleon.com/_next/97e59913-21a9-480d-993c-bdeed12115d0e697.png]
[docs.kumaleon.com/_next/c36843cd-c98b-4d12-84bc-bc19a8c6fb174b9b.png]
[docs.kumaleon.com/_next/f345415b-97ef-4d73-a934-96b80d03b111c3bf.png]
[docs.kumaleon.com/_next/0d1bca44-fb48-4d9b-9659-d878f6f6df196230.png]
[docs.kumaleon.com/_next/02be61dd-76e6-4f4a-bfc5-a3b998ff1e9bac88.png]
[docs.kumaleon.com/_next/d4c3ade2-dec5-4538-bb99-fd05877be5f40a0a.png]
[docs.kumaleon.com/_next/d42dd685-7b83-41c3-a319-ad713f9d071f766b.png]
[docs.kumaleon.com/_next/81cd61ae-124d-4f89-a4f8-f99d99591192c7ca.png]
[docs.kumaleon.com/_next/06933fa3-7d87-413c-894e-5ce22978ac0d3074.png]
[docs.kumaleon.com/_next/497bfabc-02d3-4800-8087-28cfb68ec8a989fc.png]
[docs.kumaleon.com/_next/4cb3840a-bc2c-4663-812e-0d5c2eae65244e81.png]
[docs.kumaleon.com/_next/c2851338-5f24-4ebb-8fdd-05965fc195153cf5.png]
[docs.kumaleon.com/_next/de4362b3-31a4-4797-97fd-20ac972517418a0f.png]
[docs.kumaleon.com/collab-artists.html]
[docs.kumaleon.com/terms-of-use.html]
[docs.kumaleon.com/license/generative-art-license-list.html]
